{"level":"info","time":"2026-10-01T16:40:29Z","message":"Thank you for trying Cloudflare Tunnel. Doing so, without a Cloudflare account, is a quick way to experiment and try it out. However, be aware that these account-less Tunnels have no uptime guarantee, are subject to the Cloudflare Online Services Terms of Use (https://www.cloudflare.com/website-terms/), and Cloudflare reserves the right to investigate your use of Tunnels for violations of such terms. If you intend to use Tunnels in production you should use a pre-created named tunnel by following: https://developers.cloudflare.com/cloudflare-one/connections/connect-apps"}
{"level":"info","time":"2026-10-01T16:40:29Z","message":"Requesting new quick Tunnel on trycloudflare.com..."}
{"level":"info","time":"2026-10-01T16:40:34Z","message":"+--------------------------------------------------------------------------------------------+"}
{"level":"info","time":"2026-10-01T16:40:34Z","message":"|  Your quick Tunnel has been created! Visit it at (it may take some time to be reachable):  |"}
{"level":"info","time":"2026-10-01T16:40:34Z","message":"|  https://seven-with-warm-contests.trycloudflare.com                                        |"}
{"level":"info","time":"2026-10-01T16:40:34Z","message":"+--------------------------------------------------------------------------------------------+"}
{"level":"info","time":"2026-10-01T16:40:34Z","message":"Cannot determine default configuration path. No file [config.yml config.yaml] in [~/.cloudflared ~/.cloudflare-warp ~/cloudflare-warp /etc/cloudflared /usr/local/etc/cloudflared]"}
{"level":"info","time":"2026-10-01T16:40:34Z","message":"Version 2026.8.2 (Checksum fcfb02b575a52ca1af2e3267af4e1517bcdeb30ac48c834c69abaed3c0576ad2)"}
{"level":"info","time":"2026-10-01T16:40:34Z","message":"GOOS: linux, GOVersion: go1.26.4, GoArch: amd64"}
{"level":"info","time":"2026-10-01T16:40:34Z","message":"Settings: map[ha-connections:1 logfile:/home/azureuser/3D-Game-Design-Studio/projects/cyberpunk_hover_racer/logs/cloudflared.log protocol:quic url:http://127.0.0.1:5175]"}
{"level":"info","autoupdateFreq":86400000,"time":"2026-10-01T16:40:34Z","message":"Autoupdate frequency is set"}
{"level":"info","time":"2026-10-01T16:40:34Z","message":"Generated Connector ID: 494676d8-892c-45c0-9df7-36274c648dca"}
{"level":"info","time":"2026-10-01T16:40:34Z","message":"Initial protocol quic"}
{"level":"info","time":"2026-10-01T16:40:34Z","message":"ICMP proxy will use 172.16.0.4 as source for IPv4"}
{"level":"info","time":"2026-10-01T16:40:34Z","message":"ICMP proxy will use fe80::3a33:c5ff:fedc:dff1 in zone eth0 as source for IPv6"}
{"level":"info","time":"2026-10-01T16:40:34Z","message":"ICMP proxy will use 172.16.0.4 as source for IPv4"}
{"level":"info","time":"2026-10-01T16:40:34Z","message":"ICMP proxy will use fe80::3a33:c5ff:fedc:dff1 in zone eth0 as source for IPv6"}
{"level":"info","time":"2026-10-01T16:40:34Z","message":"Starting metrics server on 127.0.0.1:20243/metrics"}
{"level":"info","event":0,"ip":"198.41.192.67","connIndex":0,"time":"2026-10-01T16:40:34Z","message":"Tunnel connection curve preferences: [X25519MLKEM768 CurveID(65074) CurveP256]"}
{"level":"info","event":0,"connection":"d17ae8ec-e4cf-43bf-8f49-f029c44d745c","connIndex":0,"location":"iad02","ip":"198.41.192.67","protocol":"quic","time":"2026-10-01T16:40:35Z","message":"Registered tunnel connection"}
{"level":"info","time":"2026-10-01T16:40:40Z","message":"+-------------------------------------------------------------------------------------+"}
{"level":"info","time":"2026-10-01T16:40:40Z","message":"|                               CONNECTIVITY PRE-CHECKS                               |"}
{"level":"info","time":"2026-10-01T16:40:40Z","message":"+-------------------------------------------------------------------------------------+"}
{"level":"info","time":"2026-10-01T16:40:40Z","message":"|  COMPONENT         TARGET                     STATUS  DETAILS                       |"}
{"level":"info","time":"2026-10-01T16:40:40Z","message":"|  DNS Resolution    region1.v2.argotunnel.com  PASS    DNS Resolved successfully     |"}
{"level":"info","time":"2026-10-01T16:40:40Z","message":"|  DNS Resolution    region2.v2.argotunnel.com  PASS    DNS Resolved successfully     |"}
{"level":"info","time":"2026-10-01T16:40:40Z","message":"|  UDP Connectivity  region1.v2.argotunnel.com  PASS    QUIC connection successful    |"}
{"level":"info","time":"2026-10-01T16:40:40Z","message":"|  UDP Connectivity  region2.v2.argotunnel.com  PASS    QUIC connection successful    |"}
{"level":"info","time":"2026-10-01T16:40:40Z","message":"|  TCP Connectivity  region1.v2.argotunnel.com  PASS    HTTP/2 connection successful  |"}
{"level":"info","time":"2026-10-01T16:40:40Z","message":"|  TCP Connectivity  region2.v2.argotunnel.com  PASS    HTTP/2 connection successful  |"}
{"level":"info","time":"2026-10-01T16:40:40Z","message":"|  Cloudflare API    api.cloudflare.com:443     PASS    API is reachable              |"}
{"level":"info","time":"2026-10-01T16:40:40Z","message":"|                                                                                     |"}
{"level":"info","time":"2026-10-01T16:40:40Z","message":"|  SUMMARY: Environment is healthy. cloudflared will use 'quic' as primary protocol.  |"}
{"level":"info","time":"2026-10-01T16:40:40Z","message":"+-------------------------------------------------------------------------------------+"}
{"level":"info","run_id":"d0be8e6a-054d-4d5a-b840-381df147714a","component":"DNS Resolution","target":"region1.v2.argotunnel.com","status":"pass","details":"DNS Resolved successfully","time":"2026-10-01T16:40:40Z","message":"precheck"}
{"level":"info","run_id":"d0be8e6a-054d-4d5a-b840-381df147714a","component":"DNS Resolution","target":"region2.v2.argotunnel.com","status":"pass","details":"DNS Resolved successfully","time":"2026-10-01T16:40:40Z","message":"precheck"}
{"level":"info","run_id":"d0be8e6a-054d-4d5a-b840-381df147714a","component":"UDP Connectivity","target":"region1.v2.argotunnel.com","status":"pass","details":"QUIC connection successful","time":"2026-10-01T16:40:40Z","message":"precheck"}
{"level":"info","run_id":"d0be8e6a-054d-4d5a-b840-381df147714a","component":"UDP Connectivity","target":"region2.v2.argotunnel.com","status":"pass","details":"QUIC connection successful","time":"2026-10-01T16:40:40Z","message":"precheck"}
{"level":"info","run_id":"d0be8e6a-054d-4d5a-b840-381df147714a","component":"TCP Connectivity","target":"region1.v2.argotunnel.com","status":"pass","details":"HTTP/2 connection successful","time":"2026-10-01T16:40:40Z","message":"precheck"}
{"level":"info","run_id":"d0be8e6a-054d-4d5a-b840-381df147714a","component":"TCP Connectivity","target":"region2.v2.argotunnel.com","status":"pass","details":"HTTP/2 connection successful","time":"2026-10-01T16:40:40Z","message":"precheck"}
{"level":"info","run_id":"d0be8e6a-054d-4d5a-b840-381df147714a","component":"Cloudflare API","target":"api.cloudflare.com:443","status":"pass","details":"API is reachable","time":"2026-10-01T16:40:40Z","message":"precheck"}
{"level":"info","run_id":"d0be8e6a-054d-4d5a-b840-381df147714a","hard_fail":false,"suggested_protocol":"quic","time":"2026-10-01T16:40:40Z","message":"precheck complete"}
