{"level":"info","time":"2026-09-20T16:25:19Z","message":"Thank you for trying Cloudflare Tunnel. Doing so, without a Cloudflare account, is a quick way to experiment and try it out. However, be aware that these account-less Tunnels have no uptime guarantee, are subject to the Cloudflare Online Services Terms of Use (https://www.cloudflare.com/website-terms/), and Cloudflare reserves the right to investigate your use of Tunnels for violations of such terms. If you intend to use Tunnels in production you should use a pre-created named tunnel by following: https://developers.cloudflare.com/cloudflare-one/connections/connect-apps"}
{"level":"info","time":"2026-09-20T16:25:19Z","message":"Requesting new quick Tunnel on trycloudflare.com..."}
{"level":"info","time":"2026-09-20T16:25:23Z","message":"+--------------------------------------------------------------------------------------------+"}
{"level":"info","time":"2026-09-20T16:25:23Z","message":"|  Your quick Tunnel has been created! Visit it at (it may take some time to be reachable):  |"}
{"level":"info","time":"2026-09-20T16:25:23Z","message":"|  https://floating-corn-aud-potatoes.trycloudflare.com                                      |"}
{"level":"info","time":"2026-09-20T16:25:23Z","message":"+--------------------------------------------------------------------------------------------+"}
{"level":"info","time":"2026-09-20T16:25:23Z","message":"Cannot determine default configuration path. No file [config.yml config.yaml] in [~/.cloudflared ~/.cloudflare-warp ~/cloudflare-warp /etc/cloudflared /usr/local/etc/cloudflared]"}
{"level":"info","time":"2026-09-20T16:25:23Z","message":"Version 2026.8.2 (Checksum fcfb02b575a52ca1af2e3267af4e1517bcdeb30ac48c834c69abaed3c0576ad2)"}
{"level":"info","time":"2026-09-20T16:25:23Z","message":"GOOS: linux, GOVersion: go1.26.4, GoArch: amd64"}
{"level":"info","time":"2026-09-20T16:25:23Z","message":"Settings: map[ha-connections:1 logfile:/home/mdkamruzzamanirak_gmail_com/3D-Game-Design-Studio/projects/exito_3d_studio/logs/cloudflared.log protocol:quic url:http://127.0.0.1:5174]"}
{"level":"info","time":"2026-09-20T16:25:23Z","message":"cloudflared will not automatically update if installed by a package manager."}
{"level":"info","time":"2026-09-20T16:25:23Z","message":"Generated Connector ID: c172f9da-d0a8-4c1f-81fe-33b9917ed98f"}
{"level":"info","time":"2026-09-20T16:25:23Z","message":"Initial protocol quic"}
{"level":"info","time":"2026-09-20T16:25:23Z","message":"ICMP proxy will use 10.128.0.2 as source for IPv4"}
{"level":"info","time":"2026-09-20T16:25:23Z","message":"ICMP proxy will use fe80::4001:aff:fe80:2 in zone ens3 as source for IPv6"}
{"level":"info","time":"2026-09-20T16:25:23Z","message":"ICMP proxy will use 10.128.0.2 as source for IPv4"}
{"level":"info","time":"2026-09-20T16:25:23Z","message":"ICMP proxy will use fe80::4001:aff:fe80:2 in zone ens3 as source for IPv6"}
{"level":"info","time":"2026-09-20T16:25:23Z","message":"Starting metrics server on 127.0.0.1:41745/metrics"}
{"level":"info","event":0,"ip":"198.41.200.53","connIndex":0,"time":"2026-09-20T16:25:23Z","message":"Tunnel connection curve preferences: [X25519MLKEM768 CurveID(65074) CurveP256]"}
{"level":"info","event":0,"connection":"4927891b-4ee8-41ed-90c7-e9e6ff991e3b","connIndex":0,"location":"ord08","ip":"198.41.200.53","protocol":"quic","time":"2026-09-20T16:25:23Z","message":"Registered tunnel connection"}
{"level":"info","time":"2026-09-20T16:25:29Z","message":"+-------------------------------------------------------------------------------------+"}
{"level":"info","time":"2026-09-20T16:25:29Z","message":"|                               CONNECTIVITY PRE-CHECKS                               |"}
{"level":"info","time":"2026-09-20T16:25:29Z","message":"+-------------------------------------------------------------------------------------+"}
{"level":"info","time":"2026-09-20T16:25:29Z","message":"|  COMPONENT         TARGET                     STATUS  DETAILS                       |"}
{"level":"info","time":"2026-09-20T16:25:29Z","message":"|  DNS Resolution    region1.v2.argotunnel.com  PASS    DNS Resolved successfully     |"}
{"level":"info","time":"2026-09-20T16:25:29Z","message":"|  DNS Resolution    region2.v2.argotunnel.com  PASS    DNS Resolved successfully     |"}
{"level":"info","time":"2026-09-20T16:25:29Z","message":"|  UDP Connectivity  region1.v2.argotunnel.com  PASS    QUIC connection successful    |"}
{"level":"info","time":"2026-09-20T16:25:29Z","message":"|  UDP Connectivity  region2.v2.argotunnel.com  PASS    QUIC connection successful    |"}
{"level":"info","time":"2026-09-20T16:25:29Z","message":"|  TCP Connectivity  region1.v2.argotunnel.com  PASS    HTTP/2 connection successful  |"}
{"level":"info","time":"2026-09-20T16:25:29Z","message":"|  TCP Connectivity  region2.v2.argotunnel.com  PASS    HTTP/2 connection successful  |"}
{"level":"info","time":"2026-09-20T16:25:29Z","message":"|  Cloudflare API    api.cloudflare.com:443     PASS    API is reachable              |"}
{"level":"info","time":"2026-09-20T16:25:29Z","message":"|                                                                                     |"}
{"level":"info","time":"2026-09-20T16:25:29Z","message":"|  SUMMARY: Environment is healthy. cloudflared will use 'quic' as primary protocol.  |"}
{"level":"info","time":"2026-09-20T16:25:29Z","message":"+-------------------------------------------------------------------------------------+"}
{"level":"info","run_id":"6632a51d-b15c-46d1-b062-1f0a57592aaa","component":"DNS Resolution","target":"region1.v2.argotunnel.com","status":"pass","details":"DNS Resolved successfully","time":"2026-09-20T16:25:29Z","message":"precheck"}
{"level":"info","run_id":"6632a51d-b15c-46d1-b062-1f0a57592aaa","component":"DNS Resolution","target":"region2.v2.argotunnel.com","status":"pass","details":"DNS Resolved successfully","time":"2026-09-20T16:25:29Z","message":"precheck"}
{"level":"info","run_id":"6632a51d-b15c-46d1-b062-1f0a57592aaa","component":"UDP Connectivity","target":"region1.v2.argotunnel.com","status":"pass","details":"QUIC connection successful","time":"2026-09-20T16:25:29Z","message":"precheck"}
{"level":"info","run_id":"6632a51d-b15c-46d1-b062-1f0a57592aaa","component":"UDP Connectivity","target":"region2.v2.argotunnel.com","status":"pass","details":"QUIC connection successful","time":"2026-09-20T16:25:29Z","message":"precheck"}
{"level":"info","run_id":"6632a51d-b15c-46d1-b062-1f0a57592aaa","component":"TCP Connectivity","target":"region1.v2.argotunnel.com","status":"pass","details":"HTTP/2 connection successful","time":"2026-09-20T16:25:29Z","message":"precheck"}
{"level":"info","run_id":"6632a51d-b15c-46d1-b062-1f0a57592aaa","component":"TCP Connectivity","target":"region2.v2.argotunnel.com","status":"pass","details":"HTTP/2 connection successful","time":"2026-09-20T16:25:29Z","message":"precheck"}
{"level":"info","run_id":"6632a51d-b15c-46d1-b062-1f0a57592aaa","component":"Cloudflare API","target":"api.cloudflare.com:443","status":"pass","details":"API is reachable","time":"2026-09-20T16:25:29Z","message":"precheck"}
{"level":"info","run_id":"6632a51d-b15c-46d1-b062-1f0a57592aaa","hard_fail":false,"suggested_protocol":"quic","time":"2026-09-20T16:25:29Z","message":"precheck complete"}
